2023-03-23 15:45:13	Ã¹ ¹øÂ°·Î ·Î±ë ¹®ÀåÀÔ´Ï´Ù.
2023-03-23 15:47:14	Ã¹ ¹øÂ°·Î ·Î±ë ¹®ÀåÀÔ´Ï´Ù.
2023-03-23 15:47:30	ì²« ë²ˆì§¸ë¡œ ë¡œê¹… ë¬¸ìž¥ìž…ë‹ˆë‹¤.
